---
title: SQL 첫걸음 3-4장
author: Su
date: 2023-09-19 01:55:00 +0800
categories: [CS]
tags: [ECC, BE]
pin: false
use_math: true

---

Learning Source: [SQL 첫걸음 - 아사이 아츠시](https://www.aladin.co.kr/shop/wproduct.aspx?ItemId=69025381)
<BR>

# **3장 정렬과 연산**

## 9. 정렬 - ORDER BY

+ <code>ORDER BY 구</code>: **SELECT** 열명 **FROM** 테이블명 **WHERE** 조건식 **ORDER BY** 열명
+ ORDER BY 구를 지정하지 않을 경우에는 데이터베이스 내부에 저장된 순서로 반환된다


### ORDER BY로 검색 결과 정렬하기
+ 검색 조건이 필요없는 경우는 WHERE 구를 생략한다
  ```sql
	mysql> SELECT * FROM sample31;
	+------+------+-------------------+
	| name | age  | address           |
	+------+------+-------------------+
	| A씨  |   36 | 대구광역시 중구   |
	| B씨  |   18 | 부산광역시 연제구 |
	| C씨  |   25 | 서울특별시 중구   |
	+------+------+-------------------+
	3 rows in set (0.02 sec)

	mysql> SELECT * FROM sample31 ORDER BY age;
	+------+------+-------------------+
	| name | age  | address           |
	+------+------+-------------------+
	| B씨  |   18 | 부산광역시 연제구 |
	| C씨  |   25 | 서울특별시 중구   |
	| A씨  |   36 | 대구광역시 중구   |
	+------+------+-------------------+
	3 rows in set (0.01 sec)

	mysql> SELECT * FROM sample31 ORDER BY address;
	+------+------+-------------------+
	| name | age  | address           |
	+------+------+-------------------+
	| A씨  |   36 | 대구광역시 중구   |
	| B씨  |   18 | 부산광역시 연제구 |
	| C씨  |   25 | 서울특별시 중구   |
	+------+------+-------------------+
	3 rows in set (0.00 sec)
  ```

### ORDER BY DESC로 내림차순으로 정렬하기
+ <code>ASC</code>(default): 오름차순 정렬
+ <code>DESC</code>: 내림차순 정렬
+ ORDER BY의 기본 정렬 방법은 오름차순이다
	```SQL
		mysql> SELECT * FROM sample31 ORDER BY age DESC;
		+------+------+-------------------+
		| name | age  | address           |
		+------+------+-------------------+
		| A씨  |   36 | 대구광역시 중구   |
		| C씨  |   25 | 서울특별시 중구   |
		| B씨  |   18 | 부산광역시 연제구 |
		+------+------+-------------------+.0
		3 rows in set (0.00 sec)
	```

### 대소관계
+ 수치형: 수치의 대소관계로
+ 문자열형 데이터의 대소관계: 사전식 순서에 의해 결정된다
  + 알파벳 ➡️ 한글(자음, 모음 순)
+ 주의) 수치형과 문자열형 숫자는 대소관계가 다르다
  ```sql
	mysql> SELECT * FROM sample311;
	+------+------+
	| a    | b    |
	+------+------+
	| 1    |    1 |
	| 2    |    2 |
	| 10   |   10 |
	| 11   |   11 |
	+------+------+
	4 rows in set (0.01 sec)

	mysql> SELECT * FROM sample311 ORDER BY a;
	+------+------+
	| a    | b    |
	+------+------+
	| 1    |    1 |
	| 10   |   10 |
	| 11   |   11 |
	| 2    |    2 |
	+------+------+
	4 rows in set (0.00 sec)

	mysql> SELECT * FROM sample311 ORDER BY b;
	+------+------+
	| a    | b    |
	+------+------+
	| 1    |    1 |
	| 2    |    2 |
	| 10   |   10 |
	| 11   |   11 |
	+------+------+
	4 rows in set (0.00 sec)
  ```

### ORDER BY는 테이블에 영향을 주지 않는다
+ SELECT 검색 명령은 테이블의 데이터를 참조만 하고, 변경은 하지 않는다
+ ORDER BY로 행 순서를 바꾸느 건 어디까지나 서버에서 클라이언트로 행 순서를 바꾸어 결과를 반환하는 것뿐이다
+ 저장장치에 저장된 데이터의 행 순서는 변경되지 않는다

## 10. 복수의 열을 지정해 정렬하기
- ORDER BY 구: `SELECT 열명 FROM 테이블명 WHERE 조건식 ORDER BY 열명1 [ASC|DESC], 열명2 [ASC|DESC] ...`
- `[]`: 샹력헐 수 있다
- `|`: 둘 중 하나
- `...`: 동일한 형태로 연속해서 지정할 수 있다

### 복수 열로 정렬 지정
- `,`로 열명을 구분한다
	```SQL
	mysql> SELECT * FROM sample32;
	+------+------+
	| a    | b    |
	+------+------+
	|    1 |    1 |
	|    2 |    1 |
	|    2 |    2 |
	|    1 |    3 |
	|    1 |    2 |
	+------+------+
	5 rows in set (0.01 sec)

	mysql> SELECT * FROM sample32 ORDER BY a;
	+------+------+
	| a    | b    |
	+------+------+
	|    1 |    1 |
	|    1 |    3 |
	|    1 |    2 |
	|    2 |    1 |
	|    2 |    2 |
	+------+------+
	5 rows in set (0.00 sec)

	mysql> SELECT * FROM sample32 ORDER BY a, b;
	+------+------+
	| a    | b    |
	+------+------+
	|    1 |    1 |
	|    1 |    2 |
	|    1 |    3 |
	|    2 |    1 |
	|    2 |    2 |
	+------+------+
	5 rows in set (0.00 sec)

	mysql> SELECT * FROM sample32 ORDER BY b, a;
	+------+------+
	| a    | b    |
	+------+------+
	|    1 |    1 |
	|    2 |    1 |
	|    1 |    2 |
	|    2 |    2 |
	|    1 |    3 |
	+------+------+
	5 rows in set (0.00 sec)
	```

### 정렬 방법 지정하기
+ 복수 열을 지정하는 경우에도 정렬 방법을 생략하면 기본값은 ASC가 된다
+ 정렬 방법을 생략하지 말고 지정하는 게 좋다
  ```SQL
  	mysql> SELECT * FROM sample32 ORDER BY a ASC, b DESC;
	+------+------+
	| a    | b    |
	+------+------+
	|    1 |    3 |
	|    1 |    2 |
	|    1 |    1 |
	|    2 |    2 |
	|    2 |    1 |
	+------+------+
	5 rows in set (0.00 sec)
  ```

### NULL 값의 정렬 순서
+ ORDER BY로 지정한 열에서 NULL 값을 가지는 행은 가장 먼저 표시되거나 가장 나중에 표시된다
+ NULL에 대한 대소비교 방법은 표준 SQL에도 규정되어 있지 않아 데이터베이스 제품에 따라 기준이 다르다
+ **MYSQL**: NULL값을 가장 작은 값으로 취급
  + ASC: 가장 면저 표시됨
  + DESC: 가장 나중에 표시됨

## 11. 결과 행 제한하기 - LIMIT
+ LIMIT 구: `SELECT 열명 FROM 테이블명 LIMIT 행수 [OFFSET 시작행]`
  + 결과값으로 반환되는 행을 제한한다
  + 표준 SQL이 아니다
  + MySQL과 PostgreSQL에서만 사용할 수 있다

### 행수 제한
```SQL
	mysql> SELECT * FROM sample33;
	+------+
	| no   |
	+------+
	|    1 |
	|    2 |
	|    3 |
	|    4 |
	|    5 |
	|    6 |
	|    7 |
	+------+
	7 rows in set (0.01 sec)

	mysql> SELECT * FROM sample33 LIMIT3;
	+------+
	| no   |
	+------+
	|    1 |
	|    2 |
	|    3 |
	|    4 |
	|    5 |
	|    6 |
	|    7 |
	+------+
	7 rows in set (0.00 sec)

	mysql> SELECT * FROM sample33 ORDER BY no DESC LIMIT 3;
	+------+
	| no   |
	+------+
	|    7 |
	|    6 |
	|    5 |
	+------+
	3 rows in set (0.00 sec)
```
+ LIMIT를 사용할 수 없는 데이터베이스에서의 행 제한
  + SQL Server: `SELECT TOP 3 * FROM sample33;`
  + Oracle: `SELECT * FROM sample33 WHERE ROWNUM <= 3;`

### 오프셋 지정
+ 페이지 나누기(pagination): 웹 시스템에서는 클라이언트의 브라우저를 통해 페이지 단위로 화면에 표시할 내용을 처리한다
+ OFFSET
  + 생략 가능하며, 기본값은 0이다
  <img src="https://github.com/sml09181/sml09181.github.io/assets/105408672/15dda933-a389-4b42-a9e2-426be6126732" width="500">
  ```SQL
  mysql> SELECT * FROM sample33 LIMIT 3 OFFSET 0;
	+------+
	| no   |
	+------+
	|    1 |
	|    2 |
	|    3 |
	+------+
	3 rows in set (0.00 sec)

	mysql> SELECT * FROM sample33 LIMIT 3 OFFSET 3;
	+------+
	| no   |
	+------+
	|    4 |
	|    5 |
	|    6 |
	+------+
	3 rows in set (0.00 sec)
  ```

## 12. 수치 연산
### 사칙 연산
+ 우선순위: `*`, `/`, `%` ➡️ `+`, `-`

### SELECT 구로 연산하기
+ 공백은 있어도 되고 없어도 된다
	```sql
	mysql> SELECT * FROM sample34;
	+------+-------+----------+
	| no   | price | quantity |
	+------+-------+----------+
	|    1 |   100 |       10 |
	|    2 |   230 |       24 |
	|    3 |  1980 |        1 |
	+------+-------+----------+
	3 rows in set (0.01 sec)

	mysql> SELECT *, price * quantity FROM sample34;
	+------+-------+----------+------------------+
	| no   | price | quantity | price * quantity |
	+------+-------+----------+------------------+
	|    1 |   100 |       10 |             1000 |
	|    2 |   230 |       24 |             5520 |
	|    3 |  1980 |        1 |             1980 |
	+------+-------+----------+------------------+
	3 rows in set (0.00 sec)
	```

### 열의 별명(alias)
+ 연산식으로 된 열 이름이 길고 알아보기 어려운 경우는 별명(alias)를 붙여 열명을 재지정한다
	```SQL
	mysql> SELECT *, price * quantity AS amount FROM  sample34;
	+------+-------+----------+--------+
	| no   | price | quantity | amount |
	+------+-------+----------+--------+
	|    1 |   100 |       10 |   1000 |
	|    2 |   230 |       24 |   5520 |
	|    3 |  1980 |        1 |   1980 |
	+------+-------+----------+--------+
	3 rows in set (0.01 sec)

	mysql> SELECT *, price * quantity AS SELECT FROM sample34;
	ERROR 1064 (42000): You have an error in your SQL syntax; check the manual that corresponds to your MySQL server version for the right syntax to use near 'SELECT FROM sample34' at line 1
	
	mysql> SELECT *, price * quantity AS "SELECT" FROM sample34;
	+------+-------+----------+--------+
	| no   | price | quantity | SELECT |
	+------+-------+----------+--------+
	|    1 |   100 |       10 |   1000 |
	|    2 |   230 |       24 |   5520 |
	|    3 |  1980 |        1 |   1980 |
	+------+-------+----------+--------+
	3 rows in set (0.00 sec)
	```

### WHERE 구에서 연산하기
+ 🌟 SELECT 구에서 지정한 별명은 WHERE 구 안에서 사용할 수 없다
  + DB 내부 서버에서는 WHERE 구 ➡️ SELECT 구의 순서로 처리된다<BR>
	<img src="https://github.com/sml09181/sml09181.github.io/assets/105408672/56c2324e-636a-45f4-b7af-aafc0bcc5f00" width="600">
	```sql
	mysql> SELECT *, price * quantity AS amount FROM sample34;
	+------+-------+----------+--------+
	| no   | price | quantity | amount |
	+------+-------+----------+--------+
	|    1 |   100 |       10 |   1000 |
	|    2 |   230 |       24 |   5520 |
	|    3 |  1980 |        1 |   1980 |
	+------+-------+----------+--------+
	3 rows in set (0.00 sec)

	mysql> SELECT *, price*quantity AS amount FROM sample34 WHERE price*quantity >= 2000;
	+------+-------+----------+--------+
	| no   | price | quantity | amount |
	+------+-------+----------+--------+
	|    2 |   230 |       24 |   5520 |
	+------+-------+----------+--------+
	1 row in set (0.01 sec)

	mysql> SELECT *, price*quantity AS amount FROM sample34 WHERE amount >= 2000;
	ERROR 1054 (42S22): Unknown column 'amount' in 'where clause'
	```

### NULL 값의 연산
+ C나 PHP에서의 NULL 값은 0이지만 SQL에서는 아님
+ NULL 값이 포함된 모든 연산의 결과는 모두 NULL이다
  + NULL + 1
  +  1+ NULL
  +  1+ 2 * NULL
  +  1 / NULL

### ORDER BY 구에서 연산하기
+ ORDER BY는 서버 내부에서 가장 나중에 처리된다 ➡️ ORDER 구에서는 SELECT 구에서 지정한 alias를 사용할 수 있다
+ 서버 내부 처리 과정<br>
  <img src="https://github.com/sml09181/sml09181.github.io/assets/105408672/d2af32fc-947e-4da2-8951-1c3f1182867d" width="600">

  ```sql
  mysql> SELECT *, price * quantity AS amount FROM sample34;
	+------+-------+----------+--------+
	| no   | price | quantity | amount |
	+------+-------+----------+--------+
	|    1 |   100 |       10 |   1000 |
	|    2 |   230 |       24 |   5520 |
	|    3 |  1980 |        1 |   1980 |
	+------+-------+----------+--------+
	3 rows in set (0.00 sec)

	mysql> SELECT *, price * quantity AS amount FROM sample34 ORDER BY price*quantity DESC;
	+------+-------+----------+--------+
	| no   | price | quantity | amount |
	+------+-------+----------+--------+
	|    2 |   230 |       24 |   5520 |
	|    3 |  1980 |        1 |   1980 |
	|    1 |   100 |       10 |   1000 |
	+------+-------+----------+--------+
	3 rows in set (0.00 sec)

	mysql> SELECT *, price*quantity AS amount FROM sample34 ORDER BY amount DESC;
	+------+-------+----------+--------+
	| no   | price | quantity | amount |
	+------+-------+----------+--------+
	|    2 |   230 |       24 |   5520 |
	|    3 |  1980 |        1 |   1980 |
	|    1 |   100 |       10 |   1000 |
	+------+-------+----------+--------+
	3 rows in set (0.00 sec)
  ```

### 함수
+ 함수: `함수명(인수1, 인수2...)`
+ 연산자와 함수는 둘 다 같다고 볼 수 있다
  + 다만 표기 방법이 다를 뿐이다
+ 나머지 구하기
  + 연산자: `10 % 3`
  + 함수: `MOD(10, 3)`

### ROUND 함수
+ <code>DECIMAL</code> 형: 열의 정의할 때 정수부와 소수부의 자릿수를 지정할 수 있다
+ <code>ROUND</code> 함수는 기본적으로 소수점 첫째 자리를 기준으로 반올림한다
+ 두 번째 인수로 반올림할 기준 위치를 선택할 수 있다
	```sql
	mysql> SELECT * FROM sample341;
	+---------+
	| amount  |
	+---------+
	| 5961.60 |
	| 2138.40 |
	| 1080.00 |
	+---------+
	3 rows in set (0.01 sec)

	mysql> SELECT amount, ROUND(amount) FROM sample341;
	+---------+---------------+
	| amount  | ROUND(amount) |
	+---------+---------------+
	| 5961.60 |          5962 |
	| 2138.40 |          2138 |
	| 1080.00 |          1080 |
	+---------+---------------+
	3 rows in set (0.01 sec)

	mysql> SELECT *, ROUND(amount) FROM sample341;
	+---------+---------------+
	| amount  | ROUND(amount) |
	+---------+---------------+
	| 5961.60 |          5962 |
	| 2138.40 |          2138 |
	| 1080.00 |          1080 |
	+---------+---------------+
	3 rows in set (0.00 sec)

	mysql> SELECT amount, ROUND(amount, 1) FROM sample341;
	+---------+------------------+
	| amount  | ROUND(amount, 1) |
	+---------+------------------+
	| 5961.60 |           5961.6 |
	| 2138.40 |           2138.4 |
	| 1080.00 |           1080.0 |
	+---------+------------------+
	3 rows in set (0.00 sec)

	mysql> SELECT amount, ROUND(amount, -2) FROM sample341;
	+---------+-------------------+
	| amount  | ROUND(amount, -2) |
	+---------+-------------------+
	| 5961.60 |              6000 |
	| 2138.40 |              2100 |
	| 1080.00 |              1100 |
	+---------+-------------------+
	3 rows in set (0.00 sec)
	```

## 13. 문자열 연산
### 문자열 결합
+ 문자열 결합 연산자
	|연산자/함수|연산|데이터베이스|
	|------|---|---|
	|**+**|문자열 결합|SQL Server|
	|**\|\|**|문자열 결합|Oracle, DB2, PostgreSQL|
	|**CONCAT**|문자열 결합|MySQL|
+ 문자열 결합은 2개의 열 데이터를 모아서 1개의 열로 처리하고 싶은 경우에 자주 사용한다
+ 문자열로 결합한 결과는 문자열형이 된다
  ```sql
  	mysql> SELECT * FROM sample35;
	+------+-------+----------+------+
	| no   | price | quantity | unit |
	+------+-------+----------+------+
	|    1 |   100 |       10 | 개   |
	|    2 |   230 |       24 | 통   |
	|    3 |  1980 |        1 | 장   |
	+------+-------+----------+------+
	3 rows in set (0.01 sec)

	mysql> SELECT CONCAT(quantity, unit) FROM sample35;
	+------------------------+
	| CONCAT(quantity, unit) |
	+------------------------+
	| 10개                   |
	| 24통                   |
	| 1장                    |
	+------------------------+
	3 rows in set (0.00 sec)
  ```

### SUBSTRING 함수
+ <code>SUBSTRING</code> 함수: 문자열의 일부분을 계산해서 반환
+ 연월일을 YYYYMMDD 형식의 문자열 데이터로 저장하는 경우도 많다
  + 해당 날짜 데이텅에서 년, 월, 일을 따로 추출하고 싶을 때 사용한다
  + `SUBSTRING('20140125001', 1, 4)` ➡️ '2014'
  + `SUBSTRING('20140125001', 5, 2)` ➡️ '01'

### TRIM 함수
+ <code>TRIM</code>: 문자열의 앞뒤로 여분의 space가 있을 경우 이를 제거한다
  + 문자열 도중에 존재하는 스페이스는 제거되지X
  + 고정길이 문자열형에 대해 많이 사용한다
    + CHAR형은 문자열의 길이가 고정되며, 남은 공간은 space로 채워진다
    + 이러한 space를 지우기 위해 TRIM을 사용한다
    + `TRIM('ABC  ')` ➡️ 'ABC'


### CHARACTER_LENGTH 함수
+ <code>CHARACTER_LENGTH</code> 함수: 문자열의 길이를 리턴한다
  + 가변 길이인 VARCHAR형의 문자열에 많이 사용한다
  + <code>CHAR_LENGTH</code>으로 줄여 쓸 수 있다
+ <CODE>OCTET_LENGTH</CODE>: 문자열의 길이를 바이트 단위로 계산해 반환한다
+ 문자를 수치화(encode)하는 방식에 따라 필요한 저장공간의 크기가 달라진다
+ 한 문자가 몇 byte인지는 character set에 따라 다르다 ➡️ OCTET_LENGTH 쓸 때 주의
  + 알파벳: 반각(ASCII 문자)
  + 한글: 전각 ➡️ EUC-KR, UTF-8
  + 반각 문자는 전각 문자 폭의 절반밖에 안 되며 저장용량도 더 작다
  	|문자세트|문자 수|바이트 수|
	|------|---|---|
	|EUC-KR|12|19|
	|UTF-8|12|26|
+ 즉, 문자열 데이터의 길이는 문자세트에 따라 다르다

## 14. 날짜 연산
### SQL에서의 날짜
+ `CURRENT_TIMESTAMP`: 시스템 날짜 반환
  + 인수가 없으므로 괄호를 사용하지 않는다
  ```SQL
  	mysql> SELECT CURRENT_TIMESTAMP;
	+---------------------+
	| CURRENT_TIMESTAMP   |
	+---------------------+
	| 2023-09-22 10:23:11 |
	+---------------------+
	1 row in set (0.01 sec)
  
  ```
+ <code>TO_DATE()</code>: 문자열 데이터를 날짜형 데이터로 변환
  + `TO_DATE('2014/01/25', 'YYYY/MM/DD')`

### 날짜의 덧셈과 뺄셈
+ 단위: <code>DAY</code>
	```SQL
		mysql> SELECT CURRENT_DATE + INTERVAL 1 DAY;
		+-------------------------------+
		| CURRENT_DATE + INTERVAL 1 DAY |
		+-------------------------------+
		| 2023-09-23                    |
		+-------------------------------+
		1 row in set (0.01 sec)
	```
+ 날짜형 간의 뺄셈
  + Oracle: '2023-09-23' - '2023-09-01'
  + MySQL: `DATEDIFF('2023-09-23', '2023-09-01')`


## 15. CASE 문으로 데이터 변환하기

### CASES 문
+ <CODE>CASE 문</CODE>: 데이터 변환
  + ELSE: 생략 가능, 생략했을 경우 ELSE NULL로 간주된다
+ NULL 값을 0으로 변환하는 구현 코드
  ```SQL
  	mysql> SELECT a FROM sample37;
	+------+
	| a    |
	+------+
	|    1 |
	|    2 |
	| NULL |
	+------+
	3 rows in set (0.01 sec)

	mysql> SELECT a, CASE WHEN a IS NULL THEN 0 ELSE a END "a(null=0)" FROM sample37;
	+------+-----------+
	| a    | a(null=0) |
	+------+-----------+
	|    1 |         1 |
	|    2 |         2 |
	| NULL |         0 |
	+------+-----------+
	3 rows in set (0.00 sec)
  ```


### 또 하나의 CASE 문
+ DECODE: 수치데이터를 문자화하는 것
+ ENCODE: 문자를 수치화하는 것
  <img src="https://github.com/sml09181/sml09181.github.io/assets/105408672/161bc34e-8185-40ef-808b-d461783d9d09" width="400">
+ CASE 구문 종류
  + 검색 CASE: `CASE WHEN 조건식 THEN 식...`
	```SQL
		CASE 
			WHEN 조건식1 THEN 식1
			[WHEN 조건식2 THEN 식2 ...]
			[ELSE] 식3
		END
  	```
  + 단순 CASE: `CASE 식 WHEN 식 THEN 식...`
    + CASE 뒤에 식을 기술하고 WHEN 뒤에 (조건식이 아닌) 식을 기술한다
	```SQL
		CASE 식1
			WHEN 식2 THEN 식3
			[WHEN 식4 THEN 식5 ...]
			[ELSE] 식6
		END
  	```
+ 성별 코드 변환하기
  ```sql
	mysql> SELECT * FROM sample37;
	+------+
	| a    |
	+------+
	|    1 |
	|    2 |
	| NULL |
	+------+
	3 rows in set (0.00 sec)

	/* 검색 CASE */
	mysql> SELECT a AS "코드",
		-> CASE
		-> WHEN a=1 THEN '남자'
		-> WHEN a=2 THEN '여자'
		-> ELSE '미지정'
		-> END AS "성별" FROM sample37;
	+------+--------+
	| 코드 | 성별   |
	+------+--------+
	|    1 | 남자   |
	|    2 | 여자   |
	| NULL | 미지정 |
	+------+--------+
	3 rows in set (0.01 sec)

	mysql> SELECT * FROM sample37;
	+------+
	| a    |
	+------+
	|    1 |
	|    2 |
	| NULL |
	+------+
	3 rows in set (0.00 sec)

	/* 단순 CASE */
	mysql> SELECT a AS "코드",
		-> CASE a
		-> WHEN 1 THEN '남자'
		-> WHEN 2 THEN '여자'
		-> ELSE '미지정'
		-> END AS "성별" FROM sample37;
	+------+--------+
	| 코드 | 성별   |
	+------+--------+
	|    1 | 남자   |
	|    2 | 여자   |
	| NULL | 미지정 |
	+------+--------+
	3 rows in set (0.00 sec)
  
  ```


### CASE를 사용할 경우 주의사항
+ CASE 문은 SELECT 구뿐만 아니라 WHERE나 ORDER BY 구에도 사용할 수 있다
+ 🌟 ELSE를 생략하면 ELSE NULL이 된다 ➡️ ELSE는 생략하지 말자
+ 🌟 단순 CASE 문으로는 NULL값을 비교할 수 없다
  + 비교 연산자 `=`로는 NULL 값과 같은지 아닌지 비교할 수 없다
  + 단순 CASE문은 특성상 `=`로 비교한다 ➡️ 검색 CASE문에서 IS NULL을 사용하여 비교한다
  ```SQL
	CASE
		WHEN a=1 THEN '남자'
		WHEN a=2 THEN '여자'
		WHEN a IS NULL THEN '데이터 없음'
		ELSE '미지정'
	END
  ```
+ DECODE NVL
  + DECODE 함수: CASE 문과 같은 용도
    + Oracle에만 지원한다
  + NULL 값 변환 함수
    + Oracle: NVL 함수
    + SQL Server: ISNULL
    + 표준 SQL: COALESCE

# **4장 데이터의 추가, 삭제, 갱신**
## 16. 행 추가하기 - INSERT

### INSERT로 행 추가하기
+ <CODE>INSERT</CODE>: DB 테이블에 행 추가
  + `INSERT INTO 테이블명 VALUES(값1, 값2, ...)`
  + 행의 데이터는 `VALUES` 구를 사용해 지정한다
  ```SQL
  	mysql> SELECT * FROM sample41;
	Empty set (0.01 sec)

	mysql> DESC sample41;
	+-------+-------------+------+-----+---------+-------+
	| Field | Type        | Null | Key | Default | Extra |
	+-------+-------------+------+-----+---------+-------+
	| no    | int         | NO   |     | NULL    |       |
	| a     | varchar(30) | YES  |     | NULL    |       |
	| b     | date        | YES  |     | NULL    |       |
	+-------+-------------+------+-----+---------+-------+
	3 rows in set (0.02 sec)

	mysql> INSERT INTO sample41 VALUES(1, 'ABC', '2014-01-25');
	Query OK, 1 row affected (0.01 sec)

	mysql> SELECT * FROM sample41;
	+----+------+------------+
	| no | a    | b          |
	+----+------+------------+
	|  1 | ABC  | 2014-01-25 |
	+----+------+------------+
	1 row in set (0.00 sec)
  ```


### 값을 저장할 열 지정하기
+ VALUES 구에 값을 지정할 경우에는 지정한 열과 동일한 개수로 값을 지정해야 한다
  + `INSERT INTO 테이블명(열1, 열2, ...) VALUES(값1, 값2, ...)`
+ 별도의 값을 지정하지 않으면 기본값인 NULL 값이 지정된다
  ```sql
  	mysql> INSERT INTO sample41(a, no) VALUES('XYZ', 2);
	Query OK, 1 row affected (0.01 sec)

	mysql> SELECT * FROM sample41;
	+----+------+------------+
	| no | a    | b          |
	+----+------+------------+
	|  1 | ABC  | 2014-01-25 |
	|  2 | XYZ  | NULL       |
	+----+------+------------+
	2 rows in set (0.00 sec)
  ```

### NOT NULL 제약
+ NOT NULL 제약이 걸려 있는 열은 NULL 값을 허용하지 않는다

### DEFAULT
+ Default: 명시적으로 값을 지정하지 않았을 경우 사용하는 초깃값
+ 테이블을 정의할 때 지정할 수 있다
  ```SQL
  	mysql> DESC sample411;
	+-------+------+------+-----+---------+-------+
	| Field | Type | Null | Key | Default | Extra |
	+-------+------+------+-----+---------+-------+
	| no    | int  | NO   |     | NULL    |       |
	| d     | int  | YES  |     | 0       |       |
	+-------+------+------+-----+---------+-------+
	2 rows in set (0.00 sec)

	mysql> INSERT INTO sample411(no, d) VALUES(1, 1);
	Query OK, 1 row affected (0.01 sec)

	mysql> SELECT * FROM sample411;
	+----+------+
	| no | d    |
	+----+------+
	|  1 |    1 |
	+----+------+
	1 row in set (0.00 sec)

	mysql> INSERT INTO sample411(no, d) VALUES(2, DEFAULT);
	Query OK, 1 row affected (0.01 sec)

	mysql> SELECT * FROM sample411;
	+----+------+
	| no | d    |
	+----+------+
	|  1 |    1 |
	|  2 |    0 |
	+----+------+
	2 rows in set (0.00 sec)
  ```
+ 암묵적 Default 저장
  ```sql
  	mysql> INSERT INTO sample411(no) VALUES(3);
	Query OK, 1 row affected (0.01 sec)

	mysql> SELECT * FROM sample411;
	+----+------+
	| no | d    |
	+----+------+
	|  1 |    1 |
	|  2 |    0 |
	|  3 |    0 |
	+----+------+
	3 rows in set (0.00 sec)
  ```


## 17. 삭제하기 - DELETE

### DELETE로 행 삭제하기
+ <CODE>DELETE</CODE> 명령: 행 단위 데이터 삭제
  + `DELETE FROM 테이블명 WHERE 조건식`
+ DELETE 명령은 WHERE 조건에 일치하는 '모든 행'을 삭제한다
+ WHERE로 조건식을 지정하지 않으면(`DELETE FROM 테이블명`) 테이블의 모든 데이터가 삭제된다
  ```sql
  	mysql> SELECT * FROM sample41;
	+----+------+------------+
	| no | a    | b          |
	+----+------+------------+
	|  1 | ABC  | 2014-01-25 |
	|  2 | XYZ  | NULL       |
	+----+------+------------+
	2 rows in set (0.00 sec)

	mysql> INSERT INTO sample41;
	ERROR 1064 (42000): You have an error in your SQL syntax; check the manual that corresponds to your MySQL server version for the right syntax to use near '' at line 1
	mysql> DELETE FROM sample41 WHERE no=2;
	Query OK, 1 row affected (0.00 sec)

	mysql> SELECT * FROM sample41;
	+----+------+------------+
	| no | a    | b          |
	+----+------+------------+
	|  1 | ABC  | 2014-01-25 |
	+----+------+------------+
	1 row in set (0.00 sec)
  ```

## 18. 데이터 갱신하기 - UPDATE
### UPDATE로 데이터 갱신하기
+ <code>UPDATE</code> 명령: cell 단위 갱신이 가능하다
  + WEHRE을 생략하면 테이블의 모든 행이 갱신된다
+ 단일 행 갱신하기: `UPDATE 테이블명 SET 열명 = 값 WHERE 조건식`
  + SET에서 `=`: 대입 연산자
  ```sql
  	mysql> SELECT * FROM sample41;\
	+----+------+------------+
	| no | a    | b          |
	+----+------+------------+
	|  1 | ABC  | 2014-01-25 |
	|  2 | XYZ  | NULL       |
	+----+------+------------+
	2 rows in set (0.00 sec)

	mysql> UPDATE sample41 SET b = '2023-09-22' WHERE no = 2;
	Query OK, 1 row affected (0.01 sec)
	Rows matched: 1  Changed: 1  Warnings: 0

	mysql> SELECT * FROM sample41;
	+----+------+------------+
	| no | a    | b          |
	+----+------+------------+
	|  1 | ABC  | 2014-01-25 |
	|  2 | XYZ  | 2023-09-22 |
	+----+------+------------+
	2 rows in set (0.00 sec)

	mysql> UPDATE sample41 SET no=no+1;
	Query OK, 2 rows affected (0.01 sec)
	Rows matched: 2  Changed: 2  Warnings: 0

	mysql> SELECT * FROM sample41;
	+----+------+------------+
	| no | a    | b          |
	+----+------+------------+
	|  2 | ABC  | 2014-01-25 |
	|  3 | XYZ  | 2023-09-22 |
	+----+------+------------+
	2 rows in set (0.00 sec)
  ```


### 복수열 갱신
+ `,`로 구분하여 갱신할 열을 여러 개 지정할 수 있다
  + `UPDATE 테이블명 SET 열명1 = 값1, 열명2 = 값2, ... WHERE 조건식`
+ 여러 개의 열을 갱신할 때 SET 구 실행 순서
  + Oracle: 결과 동일
  + MySQL: SET 구에 기술된 순서로 갱신 처리가 일어난다
  ```SQL
  	mysql> SELECT * FROM sample41;
	+----+------+------------+
	| no | a    | b          |
	+----+------+------------+
	|  3 | 3    | 2014-01-25 |
	|  4 | 4    | 2023-09-22 |
	+----+------+------------+
	2 rows in set (0.00 sec)

	mysql> UPDATE sample41 SET a = 'ABC' WHERE no = 3;
	Query OK, 1 row affected (0.01 sec)
	Rows matched: 1  Changed: 1  Warnings: 0

	mysql> UPDATE sample41 SET a = 'XYZ' WHERE no = 4;
	Query OK, 1 row affected (0.00 sec)
	Rows matched: 1  Changed: 1  Warnings: 0

	mysql> SELECT * FROM sample41;
	+----+------+------------+
	| no | a    | b          |
	+----+------+------------+
	|  3 | ABC  | 2014-01-25 |
	|  4 | XYZ  | 2023-09-22 |
	+----+------+------------+
	2 rows in set (0.00 sec)

	mysql> UPDATE sample41 SET a = no, no = no + 1;
	Query OK, 2 rows affected (0.01 sec)
	Rows matched: 2  Changed: 2  Warnings: 0

	mysql> SELECT * FROM sample41;
	+----+------+------------+
	| no | a    | b          |
	+----+------+------------+
	|  4 | 3    | 2014-01-25 |
	|  5 | 4    | 2023-09-22 |
	+----+------+------------+
	2 rows in set (0.00 sec)
  ```
  <img src="https://github.com/sml09181/sml09181.github.io/assets/105408672/817cc544-a16f-4b15-809a-dd0e3886a6bf" width="550">

### NULL로 갱신하기
+ NULL 초기화: NULL로 값을 갱신하는 것
  + 단, NOT NULL 제약이 설정된 열을 갱신하려고 하면 에러 발생
  ```SQL
  	mysql> UPDATE sample41 SET a=NULL;
	Query OK, 2 rows affected (0.00 sec)
	Rows matched: 2  Changed: 2  Warnings: 0

	mysql> SELECT * FROM sample41;
	+----+------+------------+
	| no | a    | b          |
	+----+------+------------+
	|  4 | NULL | 2014-01-25 |
	|  5 | NULL | 2023-09-22 |
	+----+------+------------+
	2 rows in set (0.00 sec)
  ```


## 19. 물리삭제와 논리 삭제
### 두 종류의 삭제 방법
+ 물리삭제: SQL의 DELETE 명령을 사용해 직접 데이터 삭제
+ 논리삭제: '삭제플래그'와 같은 열을 미리 준비하여 테이블에서 실제로 행을 삭제하는 대신, UPDATE 명령을 이용해 '삭제플래그'가 삭제로 설정된 행을 제외하는 SELECT 명령을 실행
  + 결과적으로는 해당 행이 삭제된 것처럼 보임

### 삭제 방법 선택하기
+ 물리삭제와 논리삭제는 용도에 맞게 선택한다

<br><br>
Image Source:

+ https://www.sqltutorial.org/sql-limit/